18:33:20 **** Incremental Build of configuration Debug for project SdCardReader_test ****
make -j8 all 
arm-none-eabi-gcc "../Core/Src/main.c" -mcpu=cortex-m4 -std=gnu11 -g3 -DDEBUG -DUSE_HAL_DRIVER -DSTM32F303xC -c -I../Core/Inc -I../Drivers/STM32F3xx_HAL_Driver/Inc -I../Drivers/STM32F3xx_HAL_Driver/Inc/Legacy -I../Drivers/CMSIS/Device/ST/STM32F3xx/Include -I../Drivers/CMSIS/Include -I../FATFS/Target -I../FATFS/App -I../Middlewares/Third_Party/FatFs/src -O0 -ffunction-sections -fdata-sections -Wall -fstack-usage -MMD -MP -MF"Core/Src/main.d" -MT"Core/Src/main.o" --specs=nano.specs -mfpu=fpv4-sp-d16 -mfloat-abi=hard -mthumb -o "Core/Src/main.o"
arm-none-eabi-gcc -o "SdCardReader_test.elf" @"objects.list"   -mcpu=cortex-m4 -T"/home/fsw/Desktop/localRepo/AudioSpeakerProject/prototype/SdCardReader/SdCardReader_test/STM32F303VCTX_FLASH.ld" --specs=nosys.specs -Wl,-Map="SdCardReader_test.map" -Wl,--gc-sections -static --specs=nano.specs -mfpu=fpv4-sp-d16 -mfloat-abi=hard -mthumb -Wl,--start-group -lc -lm -Wl,--end-group
Finished building target: SdCardReader_test.elf
 
arm-none-eabi-size   SdCardReader_test.elf 
arm-none-eabi-objdump -h -S  SdCardReader_test.elf  > "SdCardReader_test.list"
   text	   data	    bss	    dec	    hex	filename
  32908	    144	   2968	  36020	   8cb4	SdCardReader_test.elf
Finished building: default.size.stdout
 
Finished building: SdCardReader_test.list
 

18:33:21 Build Finished. 0 errors, 0 warnings. (took 432ms)

