Archive member included to satisfy reference by file (symbol)

/opt/st/stm32cubeide_1.11.0/plugins/com.st.stm32cube.ide.mcu.externaltools.gnu-tools-for-stm32.10.3-2021.10.linux64_1.0.100.202210260954/tools/bin/../lib/gcc/arm-none-eabi/10.3.1/../../../../arm-none-eabi/lib/thumb/v7e-m+fp/hard/libc_nano.a(lib_a-errno.o)
                              ./Core/Src/syscalls.o (__errno)
/opt/st/stm32cubeide_1.11.0/plugins/com.st.stm32cube.ide.mcu.externaltools.gnu-tools-for-stm32.10.3-2021.10.linux64_1.0.100.202210260954/tools/bin/../lib/gcc/arm-none-eabi/10.3.1/../../../../arm-none-eabi/lib/thumb/v7e-m+fp/hard/libc_nano.a(lib_a-exit.o)
                              /opt/st/stm32cubeide_1.11.0/plugins/com.st.stm32cube.ide.mcu.externaltools.gnu-tools-for-stm32.10.3-2021.10.linux64_1.0.100.202210260954/tools/bin/../lib/gcc/arm-none-eabi/10.3.1/../../../../arm-none-eabi/lib/thumb/v7e-m+fp/hard/crt0.o (exit)
/opt/st/stm32cubeide_1.11.0/plugins/com.st.stm32cube.ide.mcu.externaltools.gnu-tools-for-stm32.10.3-2021.10.linux64_1.0.100.202210260954/tools/bin/../lib/gcc/arm-none-eabi/10.3.1/../../../../arm-none-eabi/lib/thumb/v7e-m+fp/hard/libc_nano.a(lib_a-impure.o)
                              /opt/st/stm32cubeide_1.11.0/plugins/com.st.stm32cube.ide.mcu.externaltools.gnu-tools-for-stm32.10.3-2021.10.linux64_1.0.100.202210260954/tools/bin/../lib/gcc/arm-none-eabi/10.3.1/../../../../arm-none-eabi/lib/thumb/v7e-m+fp/hard/libc_nano.a(lib_a-exit.o) (_global_impure_ptr)
/opt/st/stm32cubeide_1.11.0/plugins/com.st.stm32cube.ide.mcu.externaltools.gnu-tools-for-stm32.10.3-2021.10.linux64_1.0.100.202210260954/tools/bin/../lib/gcc/arm-none-eabi/10.3.1/../../../../arm-none-eabi/lib/thumb/v7e-m+fp/hard/libc_nano.a(lib_a-init.o)
                              /opt/st/stm32cubeide_1.11.0/plugins/com.st.stm32cube.ide.mcu.externaltools.gnu-tools-for-stm32.10.3-2021.10.linux64_1.0.100.202210260954/tools/bin/../lib/gcc/arm-none-eabi/10.3.1/../../../../arm-none-eabi/lib/thumb/v7e-m+fp/hard/crt0.o (__libc_init_array)
/opt/st/stm32cubeide_1.11.0/plugins/com.st.stm32cube.ide.mcu.externaltools.gnu-tools-for-stm32.10.3-2021.10.linux64_1.0.100.202210260954/tools/bin/../lib/gcc/arm-none-eabi/10.3.1/../../../../arm-none-eabi/lib/thumb/v7e-m+fp/hard/libc_nano.a(lib_a-memset.o)
                              /opt/st/stm32cubeide_1.11.0/plugins/com.st.stm32cube.ide.mcu.externaltools.gnu-tools-for-stm32.10.3-2021.10.linux64_1.0.100.202210260954/tools/bin/../lib/gcc/arm-none-eabi/10.3.1/../../../../arm-none-eabi/lib/thumb/v7e-m+fp/hard/crt0.o (memset)

Discarded input sections

 .text          0x0000000000000000        0x0 /opt/st/stm32cubeide_1.11.0/plugins/com.st.stm32cube.ide.mcu.externaltools.gnu-tools-for-stm32.10.3-2021.10.linux64_1.0.100.202210260954/tools/bin/../lib/gcc/arm-none-eabi/10.3.1/thumb/v7e-m+fp/hard/crti.o
 .data          0x0000000000000000        0x0 /opt/st/stm32cubeide_1.11.0/plugins/com.st.stm32cube.ide.mcu.externaltools.gnu-tools-for-stm32.10.3-2021.10.linux64_1.0.100.202210260954/tools/bin/../lib/gcc/arm-none-eabi/10.3.1/thumb/v7e-m+fp/hard/crti.o
 .bss           0x0000000000000000        0x0 /opt/st/stm32cubeide_1.11.0/plugins/com.st.stm32cube.ide.mcu.externaltools.gnu-tools-for-stm32.10.3-2021.10.linux64_1.0.100.202210260954/tools/bin/../lib/gcc/arm-none-eabi/10.3.1/thumb/v7e-m+fp/hard/crti.o
 .data          0x0000000000000000        0x4 /opt/st/stm32cubeide_1.11.0/plugins/com.st.stm32cube.ide.mcu.externaltools.gnu-tools-for-stm32.10.3-2021.10.linux64_1.0.100.202210260954/tools/bin/../lib/gcc/arm-none-eabi/10.3.1/thumb/v7e-m+fp/hard/crtbegin.o
 .rodata        0x0000000000000000       0x24 /opt/st/stm32cubeide_1.11.0/plugins/com.st.stm32cube.ide.mcu.externaltools.gnu-tools-for-stm32.10.3-2021.10.linux64_1.0.100.202210260954/tools/bin/../lib/gcc/arm-none-eabi/10.3.1/thumb/v7e-m+fp/hard/crtbegin.o
 .text          0x0000000000000000       0x7c /opt/st/stm32cubeide_1.11.0/plugins/com.st.stm32cube.ide.mcu.externaltools.gnu-tools-for-stm32.10.3-2021.10.linux64_1.0.100.202210260954/tools/bin/../lib/gcc/arm-none-eabi/10.3.1/../../../../arm-none-eabi/lib/thumb/v7e-m+fp/hard/crt0.o
 .data          0x0000000000000000        0x0 /opt/st/stm32cubeide_1.11.0/plugins/com.st.stm32cube.ide.mcu.externaltools.gnu-tools-for-stm32.10.3-2021.10.linux64_1.0.100.202210260954/tools/bin/../lib/gcc/arm-none-eabi/10.3.1/../../../../arm-none-eabi/lib/thumb/v7e-m+fp/hard/crt0.o
 .bss           0x0000000000000000        0x0 /opt/st/stm32cubeide_1.11.0/plugins/com.st.stm32cube.ide.mcu.externaltools.gnu-tools-for-stm32.10.3-2021.10.linux64_1.0.100.202210260954/tools/bin/../lib/gcc/arm-none-eabi/10.3.1/../../../../arm-none-eabi/lib/thumb/v7e-m+fp/hard/crt0.o
 .ARM.extab     0x0000000000000000        0x0 /opt/st/stm32cubeide_1.11.0/plugins/com.st.stm32cube.ide.mcu.externaltools.gnu-tools-for-stm32.10.3-2021.10.linux64_1.0.100.202210260954/tools/bin/../lib/gcc/arm-none-eabi/10.3.1/../../../../arm-none-eabi/lib/thumb/v7e-m+fp/hard/crt0.o
[...]
Memory Configuration

Name             Origin             Length             Attributes
CCMRAM           0x0000000010000000 0x0000000000002000 xrw
RAM              0x0000000020000000 0x000000000000a000 xrw
FLASH            0x0000000008000000 0x0000000000040000 xr
*default*        0x0000000000000000 0xffffffffffffffff

Linker script and memory map

LOAD /opt/st/stm32cubeide_1.11.0/plugins/com.st.stm32cube.ide.mcu.externaltools.gnu-tools-for-stm32.10.3-2021.10.linux64_1.0.100.202210260954/tools/bin/../lib/gcc/arm-none-eabi/10.3.1/thumb/v7e-m+fp/hard/crti.o
LOAD /opt/st/stm32cubeide_1.11.0/plugins/com.st.stm32cube.ide.mcu.externaltools.gnu-tools-for-stm32.10.3-2021.10.linux64_1.0.100.202210260954/tools/bin/../lib/gcc/arm-none-eabi/10.3.1/thumb/v7e-m+fp/hard/crtbegin.o
LOAD /opt/st/stm32cubeide_1.11.0/plugins/com.st.stm32cube.ide.mcu.externaltools.gnu-tools-for-stm32.10.3-2021.10.linux64_1.0.100.202210260954/tools/bin/../lib/gcc/arm-none-eabi/10.3.1/../../../../arm-none-eabi/lib/thumb/v7e-m+fp/hard/crt0.o
LOAD ./Core/Src/gpio.o
LOAD ./Core/Src/i2c.o
LOAD ./Core/Src/main.o
LOAD ./Core/Src/spi.o
LOAD ./Core/Src/stm32f3xx_hal_msp.o
LOAD ./Core/Src/stm32f3xx_it.o
LOAD ./Core/Src/syscalls.o
LOAD ./Core/Src/sysmem.o
LOAD ./Core/Src/system_stm32f3xx.o
LOAD ./Core/Src/usb.o
LOAD ./Core/Startup/startup_stm32f303vctx.o
LOAD ./Drivers/STM32F3xx_HAL_Driver/Src/stm32f3xx_hal.o
LOAD ./Drivers/STM32F3xx_HAL_Driver/Src/stm32f3xx_hal_cortex.o
LOAD ./Drivers/STM32F3xx_HAL_Driver/Src/stm32f3xx_hal_dma.o
LOAD ./Drivers/STM32F3xx_HAL_Driver/Src/stm32f3xx_hal_exti.o
LOAD ./Drivers/STM32F3xx_HAL_Driver/Src/stm32f3xx_hal_flash.o
LOAD ./Drivers/STM32F3xx_HAL_Driver/Src/stm32f3xx_hal_flash_ex.o
LOAD ./Drivers/STM32F3xx_HAL_Driver/Src/stm32f3xx_hal_gpio.o
LOAD ./Drivers/STM32F3xx_HAL_Driver/Src/stm32f3xx_hal_i2c.o
LOAD ./Drivers/STM32F3xx_HAL_Driver/Src/stm32f3xx_hal_i2c_ex.o
LOAD ./Drivers/STM32F3xx_HAL_Driver/Src/stm32f3xx_hal_pcd.o
LOAD ./Drivers/STM32F3xx_HAL_Driver/Src/stm32f3xx_hal_pcd_ex.o
LOAD ./Drivers/STM32F3xx_HAL_Driver/Src/stm32f3xx_hal_pwr.o
LOAD ./Drivers/STM32F3xx_HAL_Driver/Src/stm32f3xx_hal_pwr_ex.o
LOAD ./Drivers/STM32F3xx_HAL_Driver/Src/stm32f3xx_hal_rcc.o
LOAD ./Drivers/STM32F3xx_HAL_Driver/Src/stm32f3xx_hal_rcc_ex.o
LOAD ./Drivers/STM32F3xx_HAL_Driver/Src/stm32f3xx_hal_spi.o
LOAD ./Drivers/STM32F3xx_HAL_Driver/Src/stm32f3xx_hal_spi_ex.o
LOAD ./Drivers/STM32F3xx_HAL_Driver/Src/stm32f3xx_hal_tim.o
LOAD ./Drivers/STM32F3xx_HAL_Driver/Src/stm32f3xx_hal_tim_ex.o
LOAD ./Drivers/STM32F3xx_HAL_Driver/Src/stm32f3xx_ll_usb.o
LOAD ./FATFS/App/fatfs.o
LOAD ./FATFS/Target/user_diskio.o
LOAD ./FATFS/Target/user_diskio_spi.o
LOAD ./Middlewares/Third_Party/FatFs/src/diskio.o
LOAD ./Middlewares/Third_Party/FatFs/src/ff.o
LOAD ./Middlewares/Third_Party/FatFs/src/ff_gen_drv.o
LOAD ./Middlewares/Third_Party/FatFs/src/option/syscall.o
START GROUP
LOAD /opt/st/stm32cubeide_1.11.0/plugins/com.st.stm32cube.ide.mcu.externaltools.gnu-tools-for-stm32.10.3-2021.10.linux64_1.0.100.202210260954/tools/bin/../lib/gcc/arm-none-eabi/10.3.1/../../../../arm-none-eabi/lib/thumb/v7e-m+fp/hard/libc_nano.a
LOAD /opt/st/stm32cubeide_1.11.0/plugins/com.st.stm32cube.ide.mcu.externaltools.gnu-tools-for-stm32.10.3-2021.10.linux64_1.0.100.202210260954/tools/bin/../lib/gcc/arm-none-eabi/10.3.1/../../../../arm-none-eabi/lib/thumb/v7e-m+fp/hard/libm.a
END GROUP
START GROUP
LOAD /opt/st/stm32cubeide_1.11.0/plugins/com.st.stm32cube.ide.mcu.externaltools.gnu-tools-for-stm32.10.3-2021.10.linux64_1.0.100.202210260954/tools/bin/../lib/gcc/arm-none-eabi/10.3.1/thumb/v7e-m+fp/hard/libgcc.a
LOAD /opt/st/stm32cubeide_1.11.0/plugins/com.st.stm32cube.ide.mcu.externaltools.gnu-tools-for-stm32.10.3-2021.10.linux64_1.0.100.202210260954/tools/bin/../lib/gcc/arm-none-eabi/10.3.1/../../../../arm-none-eabi/lib/thumb/v7e-m+fp/hard/libc_nano.a
END GROUP
START GROUP
LOAD /opt/st/stm32cubeide_1.11.0/plugins/com.st.stm32cube.ide.mcu.externaltools.gnu-tools-for-stm32.10.3-2021.10.linux64_1.0.100.202210260954/tools/bin/../lib/gcc/arm-none-eabi/10.3.1/thumb/v7e-m+fp/hard/libgcc.a
LOAD /opt/st/stm32cubeide_1.11.0/plugins/com.st.stm32cube.ide.mcu.externaltools.gnu-tools-for-stm32.10.3-2021.10.linux64_1.0.100.202210260954/tools/bin/../lib/gcc/arm-none-eabi/10.3.1/../../../../arm-none-eabi/lib/thumb/v7e-m+fp/hard/libc_nano.a
LOAD /opt/st/stm32cubeide_1.11.0/plugins/com.st.stm32cube.ide.mcu.externaltools.gnu-tools-for-stm32.10.3-2021.10.linux64_1.0.100.202210260954/tools/bin/../lib/gcc/arm-none-eabi/10.3.1/../../../../arm-none-eabi/lib/thumb/v7e-m+fp/hard/libnosys.a
END GROUP
START GROUP
LOAD /opt/st/stm32cubeide_1.11.0/plugins/com.st.stm32cube.ide.mcu.externaltools.gnu-tools-for-stm32.10.3-2021.10.linux64_1.0.100.202210260954/tools/bin/../lib/gcc/arm-none-eabi/10.3.1/thumb/v7e-m+fp/hard/libgcc.a
LOAD /opt/st/stm32cubeide_1.11.0/plugins/com.st.stm32cube.ide.mcu.externaltools.gnu-tools-for-stm32.10.3-2021.10.linux64_1.0.100.202210260954/tools/bin/../lib/gcc/arm-none-eabi/10.3.1/../../../../arm-none-eabi/lib/thumb/v7e-m+fp/hard/libc_nano.a
LOAD /opt/st/stm32cubeide_1.11.0/plugins/com.st.stm32cube.ide.mcu.externaltools.gnu-tools-for-stm32.10.3-2021.10.linux64_1.0.100.202210260954/tools/bin/../lib/gcc/arm-none-eabi/10.3.1/../../../../arm-none-eabi/lib/thumb/v7e-m+fp/hard/libnosys.a
END GROUP
LOAD /opt/st/stm32cubeide_1.11.0/plugins/com.st.stm32cube.ide.mcu.externaltools.gnu-tools-for-stm32.10.3-2021.10.linux64_1.0.100.202210260954/tools/bin/../lib/gcc/arm-none-eabi/10.3.1/thumb/v7e-m+fp/hard/crtend.o
LOAD /opt/st/stm32cubeide_1.11.0/plugins/com.st.stm32cube.ide.mcu.externaltools.gnu-tools-for-stm32.10.3-2021.10.linux64_1.0.100.202210260954/tools/bin/../lib/gcc/arm-none-eabi/10.3.1/thumb/v7e-m+fp/hard/crtn.o
                0x000000002000a000                _estack = (ORIGIN (RAM) + LENGTH (RAM))
                0x0000000000000200                _Min_Heap_Size = 0x200
                0x0000000000000400                _Min_Stack_Size = 0x400

.isr_vector     0x0000000008000000      0x188
                0x0000000008000000                . = ALIGN (0x4)
 *(.isr_vector)
 .isr_vector    0x0000000008000000      0x188 ./Core/Startup/startup_stm32f303vctx.o
                0x0000000008000000                g_pfnVectors
                0x0000000008000188                . = ALIGN (0x4)

.text           0x0000000008000188     0x67d8
                0x0000000008000188                . = ALIGN (0x4)
 *(.text)
 .text          0x0000000008000188       0x40 /opt/st/stm32cubeide_1.11.0/plugins/com.st.stm32cube.ide.mcu.externaltools.gnu-tools-for-stm32.10.3-2021.10.linux64_1.0.100.202210260954/tools/bin/../lib/gcc/arm-none-eabi/10.3.1/thumb/v7e-m+fp/hard/crtbegin.o
 *(.text*)
 .text.MX_GPIO_Init
                0x00000000080001c8      0x16c ./Core/Src/gpio.o
                0x00000000080001c8                MX_GPIO_Init
 .text.MX_I2C1_Init
                0x0000000008000334       0x80 ./Core/Src/i2c.o
                0x0000000008000334                MX_I2C1_Init
 .text.HAL_I2C_MspInit
                0x00000000080003b4       0x88 ./Core/Src/i2c.o
                0x00000000080003b4                HAL_I2C_MspInit
 .text.myprintf
                0x000000000800043c       0x12 ./Core/Src/main.o
                0x000000000800043c                myprintf
 *fill*         0x000000000800044e        0x2 
 .text.main     0x0000000008000450      0x188 ./Core/Src/main.o
                0x0000000008000450                main
 .text.SystemClock_Config
                0x00000000080005d8       0xc4 ./Core/Src/main.o
                0x00000000080005d8                SystemClock_Config
 .text.Error_Handler
                0x000000000800069c        0xa ./Core/Src/main.o
                0x000000000800069c                Error_Handler
 *fill*         0x00000000080006a6        0x2 
 .text.MX_SPI2_Init
                0x00000000080006a8       0x7c ./Core/Src/spi.o
                0x00000000080006a8                MX_SPI2_Init
 .text.HAL_SPI_MspInit
                0x0000000008000724       0xc8 ./Core/Src/spi.o
                0x0000000008000724                HAL_SPI_MspInit
 .text.HAL_MspInit
                0x00000000080007ec       0x48 ./Core/Src/stm32f3xx_hal_msp.o
                0x00000000080007ec                HAL_MspInit
 .text.NMI_Handler
                0x0000000008000834        0x6 ./Core/Src/stm32f3xx_it.o
                0x0000000008000834                NMI_Handler
 .text.HardFault_Handler
                0x000000000800083a        0x6 ./Core/Src/stm32f3xx_it.o
                0x000000000800083a                HardFault_Handler
 .text.MemManage_Handler
                0x0000000008000840        0x6 ./Core/Src/stm32f3xx_it.o
                0x0000000008000840                MemManage_Handler
 .text.BusFault_Handler
                0x0000000008000846        0x6 ./Core/Src/stm32f3xx_it.o
                0x0000000008000846                BusFault_Handler
 .text.UsageFault_Handler
                0x000000000800084c        0x6 ./Core/Src/stm32f3xx_it.o
                0x000000000800084c                UsageFault_Handler
 .text.SVC_Handler
                0x0000000008000852        0xe ./Core/Src/stm32f3xx_it.o
                0x0000000008000852                SVC_Handler
 .text.DebugMon_Handler
                0x0000000008000860        0xe ./Core/Src/stm32f3xx_it.o
                0x0000000008000860                DebugMon_Handler
 .text.PendSV_Handler
                0x000000000800086e        0xe ./Core/Src/stm32f3xx_it.o
                0x000000000800086e                PendSV_Handler
 .text.SysTick_Handler
                0x000000000800087c        0xc ./Core/Src/stm32f3xx_it.o
                0x000000000800087c                SysTick_Handler
 .text.SystemInit
                0x0000000008000888       0x24 ./Core/Src/system_stm32f3xx.o
                0x0000000008000888                SystemInit
 .text.MX_USB_PCD_Init
                0x00000000080008ac       0x44 ./Core/Src/usb.o
                0x00000000080008ac                MX_USB_PCD_Init
 .text.HAL_PCD_MspInit
                0x00000000080008f0       0x88 ./Core/Src/usb.o
                0x00000000080008f0                HAL_PCD_MspInit
 .text.Reset_Handler
                0x0000000008000978       0x50 ./Core/Startup/startup_stm32f303vctx.o
                0x0000000008000978                Reset_Handler
 .text.Default_Handler
                0x00000000080009c8        0x2 ./Core/Startup/startup_stm32f303vctx.o
                0x00000000080009c8                RTC_Alarm_IRQHandler
                0x00000000080009c8                TIM8_TRG_COM_IRQHandler
                0x00000000080009c8                TIM8_CC_IRQHandler
                0x00000000080009c8                TIM1_CC_IRQHandler
                0x00000000080009c8                USB_HP_IRQHandler
                0x00000000080009c8                PVD_IRQHandler
                0x00000000080009c8                TAMP_STAMP_IRQHandler
                0x00000000080009c8                EXTI3_IRQHandler
                0x00000000080009c8                USB_HP_CAN_TX_IRQHandler
                0x00000000080009c8                EXTI0_IRQHandler
                0x00000000080009c8                I2C2_EV_IRQHandler
                0x00000000080009c8                FPU_IRQHandler
                0x00000000080009c8                TIM1_UP_TIM16_IRQHandler
                0x00000000080009c8                ADC1_2_IRQHandler
                0x00000000080009c8                SPI1_IRQHandler
                0x00000000080009c8                CAN_SCE_IRQHandler
                0x00000000080009c8                TIM6_DAC_IRQHandler
                0x00000000080009c8                TIM8_UP_IRQHandler
                0x00000000080009c8                DMA2_Channel2_IRQHandler
                0x00000000080009c8                DMA1_Channel4_IRQHandler
                0x00000000080009c8                USART3_IRQHandler
                0x00000000080009c8                DMA1_Channel7_IRQHandler
                0x00000000080009c8                UART5_IRQHandler
                0x00000000080009c8                ADC3_IRQHandler
                0x00000000080009c8                TIM4_IRQHandler
                0x00000000080009c8                CAN_RX1_IRQHandler
                0x00000000080009c8                DMA2_Channel1_IRQHandler
                0x00000000080009c8                I2C1_EV_IRQHandler
                0x00000000080009c8                DMA1_Channel6_IRQHandler
                0x00000000080009c8                UART4_IRQHandler
                0x00000000080009c8                DMA2_Channel4_IRQHandler
                0x00000000080009c8                TIM3_IRQHandler
                0x00000000080009c8                RCC_IRQHandler
                0x00000000080009c8                DMA1_Channel1_IRQHandler
                0x00000000080009c8                Default_Handler
                0x00000000080009c8                USBWakeUp_RMP_IRQHandler
                0x00000000080009c8                EXTI15_10_IRQHandler
                0x00000000080009c8                TIM7_IRQHandler
                0x00000000080009c8                EXTI9_5_IRQHandler
                0x00000000080009c8                RTC_WKUP_IRQHandler
                0x00000000080009c8                SPI2_IRQHandler
                0x00000000080009c8                USB_LP_CAN_RX0_IRQHandler
                0x00000000080009c8                DMA2_Channel5_IRQHandler
                0x00000000080009c8                DMA1_Channel5_IRQHandler
                0x00000000080009c8                USB_LP_IRQHandler
                0x00000000080009c8                EXTI4_IRQHandler
                0x00000000080009c8                TIM1_TRG_COM_TIM17_IRQHandler
                0x00000000080009c8                DMA1_Channel3_IRQHandler
                0x00000000080009c8                ADC4_IRQHandler
                0x00000000080009c8                WWDG_IRQHandler
                0x00000000080009c8                TIM2_IRQHandler
                0x00000000080009c8                COMP7_IRQHandler
                0x00000000080009c8                COMP1_2_3_IRQHandler
                0x00000000080009c8                EXTI1_IRQHandler
                0x00000000080009c8                USART2_IRQHandler
                0x00000000080009c8                COMP4_5_6_IRQHandler
                0x00000000080009c8                I2C2_ER_IRQHandler
                0x00000000080009c8                DMA1_Channel2_IRQHandler
                0x00000000080009c8                TIM8_BRK_IRQHandler
                0x00000000080009c8                FLASH_IRQHandler
                0x00000000080009c8                USART1_IRQHandler
                0x00000000080009c8                SPI3_IRQHandler
                0x00000000080009c8                I2C1_ER_IRQHandler
                0x00000000080009c8                USBWakeUp_IRQHandler
                0x00000000080009c8                DMA2_Channel3_IRQHandler
                0x00000000080009c8                EXTI2_TSC_IRQHandler
                0x00000000080009c8                TIM1_BRK_TIM15_IRQHandler
 *fill*         0x00000000080009ca        0x2 
 .text.HAL_Init
                0x00000000080009cc       0x2c ./Drivers/STM32F3xx_HAL_Driver/Src/stm32f3xx_hal.o
                0x00000000080009cc                HAL_Init
 .text.HAL_InitTick
                0x00000000080009f8       0x60 ./Drivers/STM32F3xx_HAL_Driver/Src/stm32f3xx_hal.o
                0x00000000080009f8                HAL_InitTick
 .text.HAL_IncTick
                0x0000000008000a58       0x28 ./Drivers/STM32F3xx_HAL_Driver/Src/stm32f3xx_hal.o
                0x0000000008000a58                HAL_IncTick
 .text.HAL_GetTick
                0x0000000008000a80       0x18 ./Drivers/STM32F3xx_HAL_Driver/Src/stm32f3xx_hal.o
                0x0000000008000a80                HAL_GetTick
 .text.HAL_Delay
                0x0000000008000a98       0x48 ./Drivers/STM32F3xx_HAL_Driver/Src/stm32f3xx_hal.o
                0x0000000008000a98                HAL_Delay
 .text.__NVIC_SetPriorityGrouping
                0x0000000008000ae0       0x48 ./Drivers/STM32F3xx_HAL_Driver/Src/stm32f3xx_hal_cortex.o
 .text.__NVIC_GetPriorityGrouping
                0x0000000008000b28       0x1c ./Drivers/STM32F3xx_HAL_Driver/Src/stm32f3xx_hal_cortex.o
 .text.__NVIC_SetPriority
                0x0000000008000b44       0x54 ./Drivers/STM32F3xx_HAL_Driver/Src/stm32f3xx_hal_cortex.o
 .text.NVIC_EncodePriority
                0x0000000008000b98       0x66 ./Drivers/STM32F3xx_HAL_Driver/Src/stm32f3xx_hal_cortex.o
 *fill*         0x0000000008000bfe        0x2 
 .text.SysTick_Config
                0x0000000008000c00       0x44 ./Drivers/STM32F3xx_HAL_Driver/Src/stm32f3xx_hal_cortex.o
 .text.HAL_NVIC_SetPriorityGrouping
                0x0000000008000c44       0x16 ./Drivers/STM32F3xx_HAL_Driver/Src/stm32f3xx_hal_cortex.o
                0x0000000008000c44                HAL_NVIC_SetPriorityGrouping
 .text.HAL_NVIC_SetPriority
                0x0000000008000c5a       0x38 ./Drivers/STM32F3xx_HAL_Driver/Src/stm32f3xx_hal_cortex.o
                0x0000000008000c5a                HAL_NVIC_SetPriority
 .text.HAL_SYSTICK_Config
                0x0000000008000c92       0x18 ./Drivers/STM32F3xx_HAL_Driver/Src/stm32f3xx_hal_cortex.o
                0x0000000008000c92                HAL_SYSTICK_Config
 *fill*         0x0000000008000caa        0x2 
 .text.HAL_GPIO_Init
                0x0000000008000cac      0x2f4 ./Drivers/STM32F3xx_HAL_Driver/Src/stm32f3xx_hal_gpio.o
                0x0000000008000cac                HAL_GPIO_Init
 .text.HAL_GPIO_WritePin
                0x0000000008000fa0       0x30 ./Drivers/STM32F3xx_HAL_Driver/Src/stm32f3xx_hal_gpio.o
                0x0000000008000fa0                HAL_GPIO_WritePin
 .text.HAL_I2C_Init
                0x0000000008000fd0      0x11e ./Drivers/STM32F3xx_HAL_Driver/Src/stm32f3xx_hal_i2c.o
                0x0000000008000fd0                HAL_I2C_Init
 .text.HAL_I2CEx_ConfigAnalogFilter
                0x00000000080010ee       0x96 ./Drivers/STM32F3xx_HAL_Driver/Src/stm32f3xx_hal_i2c_ex.o
                0x00000000080010ee                HAL_I2CEx_ConfigAnalogFilter
 .text.HAL_I2CEx_ConfigDigitalFilter
                0x0000000008001184       0x98 ./Drivers/STM32F3xx_HAL_Driver/Src/stm32f3xx_hal_i2c_ex.o
                0x0000000008001184                HAL_I2CEx_ConfigDigitalFilter
 .text.HAL_PCD_Init
                0x000000000800121c      0x1bc ./Drivers/STM32F3xx_HAL_Driver/Src/stm32f3xx_hal_pcd.o
                0x000000000800121c                HAL_PCD_Init
 .text.HAL_RCC_OscConfig
                0x00000000080013d8     0x107c ./Drivers/STM32F3xx_HAL_Driver/Src/stm32f3xx_hal_rcc.o
                0x00000000080013d8                HAL_RCC_OscConfig
 .text.HAL_RCC_ClockConfig
                0x0000000008002454      0x2f8 ./Drivers/STM32F3xx_HAL_Driver/Src/stm32f3xx_hal_rcc.o
                0x0000000008002454                HAL_RCC_ClockConfig
 .text.HAL_RCC_GetSysClockFreq
                0x000000000800274c       0xd4 ./Drivers/STM32F3xx_HAL_Driver/Src/stm32f3xx_hal_rcc.o
                0x000000000800274c                HAL_RCC_GetSysClockFreq
 .text.HAL_RCCEx_PeriphCLKConfig
                0x0000000008002820      0x360 ./Drivers/STM32F3xx_HAL_Driver/Src/stm32f3xx_hal_rcc_ex.o
                0x0000000008002820                HAL_RCCEx_PeriphCLKConfig
 .text.HAL_SPI_Init
                0x0000000008002b80      0x156 ./Drivers/STM32F3xx_HAL_Driver/Src/stm32f3xx_hal_spi.o
                0x0000000008002b80                HAL_SPI_Init
 .text.HAL_SPI_TransmitReceive
                0x0000000008002cd6      0x426 ./Drivers/STM32F3xx_HAL_Driver/Src/stm32f3xx_hal_spi.o
                0x0000000008002cd6                HAL_SPI_TransmitReceive
 .text.SPI_WaitFlagStateUntilTimeout
                0x00000000080030fc      0x110 ./Drivers/STM32F3xx_HAL_Driver/Src/stm32f3xx_hal_spi.o
 .text.SPI_WaitFifoStateUntilTimeout
                0x000000000800320c      0x12c ./Drivers/STM32F3xx_HAL_Driver/Src/stm32f3xx_hal_spi.o
 .text.SPI_EndRxTxTransaction
                0x0000000008003338       0x8c ./Drivers/STM32F3xx_HAL_Driver/Src/stm32f3xx_hal_spi.o
 .text.USB_DisableGlobalInt
                0x00000000080033c4       0x36 ./Drivers/STM32F3xx_HAL_Driver/Src/stm32f3xx_ll_usb.o
                0x00000000080033c4                USB_DisableGlobalInt
 .text.USB_DevInit
                0x00000000080033fa       0x42 ./Drivers/STM32F3xx_HAL_Driver/Src/stm32f3xx_ll_usb.o
                0x00000000080033fa                USB_DevInit
 .text.MX_FATFS_Init
                0x000000000800343c       0x24 ./FATFS/App/fatfs.o
                0x000000000800343c                MX_FATFS_Init
 .text.get_fattime
                0x0000000008003460       0x10 ./FATFS/App/fatfs.o
                0x0000000008003460                get_fattime
 .text.USER_initialize
                0x0000000008003470       0x1c ./FATFS/Target/user_diskio.o
                0x0000000008003470                USER_initialize
 .text.USER_status
                0x000000000800348c       0x1c ./FATFS/Target/user_diskio.o
                0x000000000800348c                USER_status
 .text.USER_read
                0x00000000080034a8       0x26 ./FATFS/Target/user_diskio.o
                0x00000000080034a8                USER_read
 .text.USER_write
                0x00000000080034ce       0x26 ./FATFS/Target/user_diskio.o
                0x00000000080034ce                USER_write
 .text.USER_ioctl
                0x00000000080034f4       0x26 ./FATFS/Target/user_diskio.o
                0x00000000080034f4                USER_ioctl
 *fill*         0x000000000800351a        0x2 
 .text.SPI_Timer_On
                0x000000000800351c       0x28 ./FATFS/Target/user_diskio_spi.o
                0x000000000800351c                SPI_Timer_On
 .text.SPI_Timer_Status
                0x0000000008003544       0x2c ./FATFS/Target/user_diskio_spi.o
                0x0000000008003544                SPI_Timer_Status
 .text.xchg_spi
                0x0000000008003570       0x2c ./FATFS/Target/user_diskio_spi.o
 .text.rcvr_spi_multi
                0x000000000800359c       0x38 ./FATFS/Target/user_diskio_spi.o
 .text.xmit_spi_multi
                0x00000000080035d4       0x36 ./FATFS/Target/user_diskio_spi.o
 .text.wait_ready
                0x000000000800360a       0x46 ./FATFS/Target/user_diskio_spi.o
 .text.despiselect
                0x0000000008003650       0x1c ./FATFS/Target/user_diskio_spi.o
 .text.spiselect
                0x000000000800366c       0x34 ./FATFS/Target/user_diskio_spi.o
 .text.rcvr_datablock
                0x00000000080036a0       0x52 ./FATFS/Target/user_diskio_spi.o
 .text.xmit_datablock
                0x00000000080036f2       0x64 ./FATFS/Target/user_diskio_spi.o
 .text.send_cmd
                0x0000000008003756       0xde ./FATFS/Target/user_diskio_spi.o
 .text.USER_SPI_initialize
                0x0000000008003834      0x1d8 ./FATFS/Target/user_diskio_spi.o
                0x0000000008003834                USER_SPI_initialize
 .text.USER_SPI_status
                0x0000000008003a0c       0x2c ./FATFS/Target/user_diskio_spi.o
                0x0000000008003a0c                USER_SPI_status
 .text.USER_SPI_read
                0x0000000008003a38       0xcc ./FATFS/Target/user_diskio_spi.o
                0x0000000008003a38                USER_SPI_read
 .text.USER_SPI_write
                0x0000000008003b04       0xf8 ./FATFS/Target/user_diskio_spi.o
                0x0000000008003b04                USER_SPI_write
 .text.USER_SPI_ioctl
                0x0000000008003bfc      0x2e0 ./FATFS/Target/user_diskio_spi.o
                0x0000000008003bfc                USER_SPI_ioctl
 .text.disk_status
                0x0000000008003edc       0x34 ./Middlewares/Third_Party/FatFs/src/diskio.o
                0x0000000008003edc                disk_status
 .text.disk_initialize
                0x0000000008003f10       0x4c ./Middlewares/Third_Party/FatFs/src/diskio.o
                0x0000000008003f10                disk_initialize
 .text.disk_read
                0x0000000008003f5c       0x40 ./Middlewares/Third_Party/FatFs/src/diskio.o
                0x0000000008003f5c                disk_read
 .text.disk_write
                0x0000000008003f9c       0x40 ./Middlewares/Third_Party/FatFs/src/diskio.o
                0x0000000008003f9c                disk_write
 .text.disk_ioctl
                0x0000000008003fdc       0x3c ./Middlewares/Third_Party/FatFs/src/diskio.o
                0x0000000008003fdc                disk_ioctl
 .text.mem_cpy  0x0000000008004018       0x3e ./Middlewares/Third_Party/FatFs/src/ff.o
 .text.mem_set  0x0000000008004056       0x36 ./Middlewares/Third_Party/FatFs/src/ff.o
 .text.mem_cmp  0x000000000800408c       0x4e ./Middlewares/Third_Party/FatFs/src/ff.o
 .text.chk_chr  0x00000000080040da       0x36 ./Middlewares/Third_Party/FatFs/src/ff.o
 .text.chk_lock
                0x0000000008004110       0xdc ./Middlewares/Third_Party/FatFs/src/ff.o
 .text.enq_lock
                0x00000000080041ec       0x48 ./Middlewares/Third_Party/FatFs/src/ff.o
 .text.inc_lock
                0x0000000008004234      0x170 ./Middlewares/Third_Party/FatFs/src/ff.o
 .text.dec_lock
                0x00000000080043a4       0x88 ./Middlewares/Third_Party/FatFs/src/ff.o
 .text.clear_lock
                0x000000000800442c       0x54 ./Middlewares/Third_Party/FatFs/src/ff.o
 .text.sync_window
                0x0000000008004480       0x92 ./Middlewares/Third_Party/FatFs/src/ff.o
 .text.move_window
                0x0000000008004512       0x5c ./Middlewares/Third_Party/FatFs/src/ff.o
 .text.sync_fs  0x000000000800456e      0x15a ./Middlewares/Third_Party/FatFs/src/ff.o
 .text.clust2sect
                0x00000000080046c8       0x44 ./Middlewares/Third_Party/FatFs/src/ff.o
                0x00000000080046c8                clust2sect
 .text.get_fat  0x000000000800470c      0x174 ./Middlewares/Third_Party/FatFs/src/ff.o
                0x000000000800470c                get_fat
 .text.put_fat  0x0000000008004880      0x21c ./Middlewares/Third_Party/FatFs/src/ff.o
                0x0000000008004880                put_fat
 .text.remove_chain
                0x0000000008004a9c       0xb4 ./Middlewares/Third_Party/FatFs/src/ff.o
 .text.create_chain
                0x0000000008004b50      0x13a ./Middlewares/Third_Party/FatFs/src/ff.o
 .text.clmt_clust
                0x0000000008004c8a       0x6a ./Middlewares/Third_Party/FatFs/src/ff.o
 .text.dir_sdi  0x0000000008004cf4      0x128 ./Middlewares/Third_Party/FatFs/src/ff.o
 .text.dir_next
                0x0000000008004e1c      0x1ee ./Middlewares/Third_Party/FatFs/src/ff.o
 .text.dir_alloc
                0x000000000800500a       0x94 ./Middlewares/Third_Party/FatFs/src/ff.o
 .text.ld_clust
                0x000000000800509e       0x5c ./Middlewares/Third_Party/FatFs/src/ff.o
 .text.st_clust
                0x00000000080050fa       0x4e ./Middlewares/Third_Party/FatFs/src/ff.o
 .text.dir_find
                0x0000000008005148       0x9e ./Middlewares/Third_Party/FatFs/src/ff.o
 .text.dir_register
                0x00000000080051e6       0x72 ./Middlewares/Third_Party/FatFs/src/ff.o
 .text.create_name
                0x0000000008005258      0x180 ./Middlewares/Third_Party/FatFs/src/ff.o
 .text.follow_path
                0x00000000080053d8       0xdc ./Middlewares/Third_Party/FatFs/src/ff.o
 .text.get_ldnumber
                0x00000000080054b4       0x88 ./Middlewares/Third_Party/FatFs/src/ff.o
 .text.check_fs
                0x000000000800553c       0xd4 ./Middlewares/Third_Party/FatFs/src/ff.o
 .text.find_volume
                0x0000000008005610      0x590 ./Middlewares/Third_Party/FatFs/src/ff.o
 .text.validate
                0x0000000008005ba0       0x66 ./Middlewares/Third_Party/FatFs/src/ff.o
 *fill*         0x0000000008005c06        0x2 
 .text.f_mount  0x0000000008005c08       0x90 ./Middlewares/Third_Party/FatFs/src/ff.o
                0x0000000008005c08                f_mount
 .text.f_open   0x0000000008005c98      0x4f2 ./Middlewares/Third_Party/FatFs/src/ff.o
                0x0000000008005c98                f_open
 .text.f_read   0x000000000800618a      0x2d6 ./Middlewares/Third_Party/FatFs/src/ff.o
                0x000000000800618a                f_read
 .text.f_sync   0x0000000008006460      0x174 ./Middlewares/Third_Party/FatFs/src/ff.o
                0x0000000008006460                f_sync
 .text.f_close  0x00000000080065d4       0x50 ./Middlewares/Third_Party/FatFs/src/ff.o
                0x00000000080065d4                f_close
 .text.f_getfree
                0x0000000008006624      0x19a ./Middlewares/Third_Party/FatFs/src/ff.o
                0x0000000008006624                f_getfree
 .text.f_gets   0x00000000080067be       0x7a ./Middlewares/Third_Party/FatFs/src/ff.o
                0x00000000080067be                f_gets
 .text.FATFS_LinkDriverEx
                0x0000000008006838       0x98 ./Middlewares/Third_Party/FatFs/src/ff_gen_drv.o
                0x0000000008006838                FATFS_LinkDriverEx
 .text.FATFS_LinkDriver
                0x00000000080068d0       0x1e ./Middlewares/Third_Party/FatFs/src/ff_gen_drv.o
                0x00000000080068d0                FATFS_LinkDriver
 *fill*         0x00000000080068ee        0x2 
 .text.__libc_init_array
                0x00000000080068f0       0x48 /opt/st/stm32cubeide_1.11.0/plugins/com.st.stm32cube.ide.mcu.externaltools.gnu-tools-for-stm32.10.3-2021.10.linux64_1.0.100.202210260954/tools/bin/../lib/gcc/arm-none-eabi/10.3.1/../../../../arm-none-eabi/lib/thumb/v7e-m+fp/hard/libc_nano.a(lib_a-init.o)
                0x00000000080068f0                __libc_init_array
 .text.memset   0x0000000008006938       0x10 /opt/st/stm32cubeide_1.11.0/plugins/com.st.stm32cube.ide.mcu.externaltools.gnu-tools-for-stm32.10.3-2021.10.linux64_1.0.100.202210260954/tools/bin/../lib/gcc/arm-none-eabi/10.3.1/../../../../arm-none-eabi/lib/thumb/v7e-m+fp/hard/libc_nano.a(lib_a-memset.o)
                0x0000000008006938                memset
 *(.glue_7)
 .glue_7        0x0000000008006948        0x0 linker stubs
 *(.glue_7t)
 .glue_7t       0x0000000008006948        0x0 linker stubs
 *(.eh_frame)
 .eh_frame      0x0000000008006948        0x0 /opt/st/stm32cubeide_1.11.0/plugins/com.st.stm32cube.ide.mcu.externaltools.gnu-tools-for-stm32.10.3-2021.10.linux64_1.0.100.202210260954/tools/bin/../lib/gcc/arm-none-eabi/10.3.1/thumb/v7e-m+fp/hard/crtbegin.o
 *(.init)
 .init          0x0000000008006948        0x4 /opt/st/stm32cubeide_1.11.0/plugins/com.st.stm32cube.ide.mcu.externaltools.gnu-tools-for-stm32.10.3-2021.10.linux64_1.0.100.202210260954/tools/bin/../lib/gcc/arm-none-eabi/10.3.1/thumb/v7e-m+fp/hard/crti.o
                0x0000000008006948                _init
 .init          0x000000000800694c        0x8 /opt/st/stm32cubeide_1.11.0/plugins/com.st.stm32cube.ide.mcu.externaltools.gnu-tools-for-stm32.10.3-2021.10.linux64_1.0.100.202210260954/tools/bin/../lib/gcc/arm-none-eabi/10.3.1/thumb/v7e-m+fp/hard/crtn.o
 *(.fini)
 .fini          0x0000000008006954        0x4 /opt/st/stm32cubeide_1.11.0/plugins/com.st.stm32cube.ide.mcu.externaltools.gnu-tools-for-stm32.10.3-2021.10.linux64_1.0.100.202210260954/tools/bin/../lib/gcc/arm-none-eabi/10.3.1/thumb/v7e-m+fp/hard/crti.o
                0x0000000008006954                _fini
 .fini          0x0000000008006958        0x8 /opt/st/stm32cubeide_1.11.0/plugins/com.st.stm32cube.ide.mcu.externaltools.gnu-tools-for-stm32.10.3-2021.10.linux64_1.0.100.202210260954/tools/bin/../lib/gcc/arm-none-eabi/10.3.1/thumb/v7e-m+fp/hard/crtn.o
                0x0000000008006960                . = ALIGN (0x4)
                0x0000000008006960                _etext = .

.vfp11_veneer   0x0000000008006960        0x0
 .vfp11_veneer  0x0000000008006960        0x0 linker stubs

.v4_bx          0x0000000008006960        0x0
 .v4_bx         0x0000000008006960        0x0 linker stubs

.iplt           0x0000000008006960        0x0
 .iplt          0x0000000008006960        0x0 /opt/st/stm32cubeide_1.11.0/plugins/com.st.stm32cube.ide.mcu.externaltools.gnu-tools-for-stm32.10.3-2021.10.linux64_1.0.100.202210260954/tools/bin/../lib/gcc/arm-none-eabi/10.3.1/thumb/v7e-m+fp/hard/crtbegin.o

.rodata         0x0000000008006960      0x220
                0x0000000008006960                . = ALIGN (0x4)
 *(.rodata)
 .rodata        0x0000000008006960      0x12c ./Core/Src/main.o
 .rodata        0x0000000008006a8c       0x44 ./Middlewares/Third_Party/FatFs/src/ff.o
 *(.rodata*)
 .rodata.AHBPrescTable
                0x0000000008006ad0       0x10 ./Core/Src/system_stm32f3xx.o
                0x0000000008006ad0                AHBPrescTable
 .rodata.aPLLMULFactorTable
                0x0000000008006ae0       0x10 ./Drivers/STM32F3xx_HAL_Driver/Src/stm32f3xx_hal_rcc.o
                0x0000000008006ae0                aPLLMULFactorTable
 .rodata.aPredivFactorTable
                0x0000000008006af0       0x10 ./Drivers/STM32F3xx_HAL_Driver/Src/stm32f3xx_hal_rcc.o
                0x0000000008006af0                aPredivFactorTable
 .rodata.ExCvt  0x0000000008006b00       0x80 ./Middlewares/Third_Party/FatFs/src/ff.o
                0x0000000008006b80                . = ALIGN (0x4)

.rel.dyn        0x0000000008006b80        0x0
 .rel.iplt      0x0000000008006b80        0x0 /opt/st/stm32cubeide_1.11.0/plugins/com.st.stm32cube.ide.mcu.externaltools.gnu-tools-for-stm32.10.3-2021.10.linux64_1.0.100.202210260954/tools/bin/../lib/gcc/arm-none-eabi/10.3.1/thumb/v7e-m+fp/hard/crtbegin.o

.ARM.extab      0x0000000008006b80        0x0
                0x0000000008006b80                . = ALIGN (0x4)
 *(.ARM.extab* .gnu.linkonce.armextab.*)
                0x0000000008006b80                . = ALIGN (0x4)

.ARM            0x0000000008006b80        0x0
                0x0000000008006b80                . = ALIGN (0x4)
                0x0000000008006b80                __exidx_start = .
 *(.ARM.exidx*)
                0x0000000008006b80                __exidx_end = .
                0x0000000008006b80                . = ALIGN (0x4)

.preinit_array  0x0000000008006b80        0x0
                0x0000000008006b80                . = ALIGN (0x4)
                0x0000000008006b80                PROVIDE (__preinit_array_start = .)
 *(.preinit_array*)
                0x0000000008006b80                PROVIDE (__preinit_array_end = .)
                0x0000000008006b80                . = ALIGN (0x4)

.init_array     0x0000000008006b80        0x4
                0x0000000008006b80                . = ALIGN (0x4)
                0x0000000008006b80                PROVIDE (__init_array_start = .)
 *(SORT_BY_NAME(.init_array.*))
 *(.init_array*)
 .init_array    0x0000000008006b80        0x4 /opt/st/stm32cubeide_1.11.0/plugins/com.st.stm32cube.ide.mcu.externaltools.gnu-tools-for-stm32.10.3-2021.10.linux64_1.0.100.202210260954/tools/bin/../lib/gcc/arm-none-eabi/10.3.1/thumb/v7e-m+fp/hard/crtbegin.o
                0x0000000008006b84                PROVIDE (__init_array_end = .)
                0x0000000008006b84                . = ALIGN (0x4)

.fini_array     0x0000000008006b84        0x4
                0x0000000008006b84                . = ALIGN (0x4)
                [!provide]                        PROVIDE (__fini_array_start = .)
 *(SORT_BY_NAME(.fini_array.*))
 *(.fini_array*)
 .fini_array    0x0000000008006b84        0x4 /opt/st/stm32cubeide_1.11.0/plugins/com.st.stm32cube.ide.mcu.externaltools.gnu-tools-for-stm32.10.3-2021.10.linux64_1.0.100.202210260954/tools/bin/../lib/gcc/arm-none-eabi/10.3.1/thumb/v7e-m+fp/hard/crtbegin.o
                [!provide]                        PROVIDE (__fini_array_end = .)
                0x0000000008006b88                . = ALIGN (0x4)
                0x0000000008006b88                _sidata = LOADADDR (.data)

.data           0x0000000020000000       0x24 load address 0x0000000008006b88
                0x0000000020000000                . = ALIGN (0x4)
                0x0000000020000000                _sdata = .
 *(.data)
 *(.data*)
 .data.SystemCoreClock
                0x0000000020000000        0x4 ./Core/Src/system_stm32f3xx.o
                0x0000000020000000                SystemCoreClock
 .data.uwTickPrio
                0x0000000020000004        0x4 ./Drivers/STM32F3xx_HAL_Driver/Src/stm32f3xx_hal.o
                0x0000000020000004                uwTickPrio
 .data.uwTickFreq
                0x0000000020000008        0x1 ./Drivers/STM32F3xx_HAL_Driver/Src/stm32f3xx_hal.o
                0x0000000020000008                uwTickFreq
 *fill*         0x0000000020000009        0x3 
 .data.USER_Driver
                0x000000002000000c       0x14 ./FATFS/Target/user_diskio.o
                0x000000002000000c                USER_Driver
 .data.Stat     0x0000000020000020        0x1 ./FATFS/Target/user_diskio_spi.o
 *(.RamFunc)
 *(.RamFunc*)
                0x0000000020000024                . = ALIGN (0x4)
 *fill*         0x0000000020000021        0x3 
                0x0000000020000024                _edata = .
                0x0000000008006bac                _siccmram = LOADADDR (.ccmram)

.igot.plt       0x0000000020000024        0x0 load address 0x0000000008006bac
 .igot.plt      0x0000000020000024        0x0 /opt/st/stm32cubeide_1.11.0/plugins/com.st.stm32cube.ide.mcu.externaltools.gnu-tools-for-stm32.10.3-2021.10.linux64_1.0.100.202210260954/tools/bin/../lib/gcc/arm-none-eabi/10.3.1/thumb/v7e-m+fp/hard/crtbegin.o

.ccmram         0x0000000010000000        0x0 load address 0x0000000008006bac
                0x0000000010000000                . = ALIGN (0x4)
                0x0000000010000000                _sccmram = .
 *(.ccmram)
 *(.ccmram*)
                0x0000000010000000                . = ALIGN (0x4)
                0x0000000010000000                _eccmram = .
                0x0000000010000000                . = ALIGN (0x4)

.bss            0x0000000020000024      0x3fc
                0x0000000020000024                _sbss = .
                0x0000000020000024                __bss_start__ = _sbss
 *(.bss)
 .bss           0x0000000020000024       0x1c /opt/st/stm32cubeide_1.11.0/plugins/com.st.stm32cube.ide.mcu.externaltools.gnu-tools-for-stm32.10.3-2021.10.linux64_1.0.100.202210260954/tools/bin/../lib/gcc/arm-none-eabi/10.3.1/thumb/v7e-m+fp/hard/crtbegin.o
 *(.bss*)
 .bss.hi2c1     0x0000000020000040       0x4c ./Core/Src/i2c.o
                0x0000000020000040                hi2c1
 .bss.hspi2     0x000000002000008c       0x64 ./Core/Src/spi.o
                0x000000002000008c                hspi2
 .bss.hpcd_USB_FS
                0x00000000200000f0      0x2ec ./Core/Src/usb.o
                0x00000000200000f0                hpcd_USB_FS
 .bss.uwTick    0x00000000200003dc        0x4 ./Drivers/STM32F3xx_HAL_Driver/Src/stm32f3xx_hal.o
                0x00000000200003dc                uwTick
 .bss.retUSER   0x00000000200003e0        0x1 ./FATFS/App/fatfs.o
                0x00000000200003e0                retUSER
 *fill*         0x00000000200003e1        0x3 
 .bss.USERPath  0x00000000200003e4        0x4 ./FATFS/App/fatfs.o
                0x00000000200003e4                USERPath
 .bss.CardType  0x00000000200003e8        0x1 ./FATFS/Target/user_diskio_spi.o
 *fill*         0x00000000200003e9        0x3 
 .bss.spiTimerTickStart
                0x00000000200003ec        0x4 ./FATFS/Target/user_diskio_spi.o
                0x00000000200003ec                spiTimerTickStart
 .bss.spiTimerTickDelay
                0x00000000200003f0        0x4 ./FATFS/Target/user_diskio_spi.o
                0x00000000200003f0                spiTimerTickDelay
 .bss.FatFs     0x00000000200003f4        0x4 ./Middlewares/Third_Party/FatFs/src/ff.o
 .bss.Fsid      0x00000000200003f8        0x2 ./Middlewares/Third_Party/FatFs/src/ff.o
 *fill*         0x00000000200003fa        0x2 
 .bss.Files     0x00000000200003fc       0x18 ./Middlewares/Third_Party/FatFs/src/ff.o
 .bss.disk      0x0000000020000414        0xc ./Middlewares/Third_Party/FatFs/src/ff_gen_drv.o
                0x0000000020000414                disk
 *(COMMON)
                0x0000000020000420                . = ALIGN (0x4)
                0x0000000020000420                _ebss = .
                0x0000000020000420                __bss_end__ = _ebss

._user_heap_stack
                0x0000000020000420      0x600
                0x0000000020000420                . = ALIGN (0x8)
                [!provide]                        PROVIDE (end = .)
                0x0000000020000420                PROVIDE (_end = .)
                0x0000000020000620                . = (. + _Min_Heap_Size)
 *fill*         0x0000000020000420      0x200 
                0x0000000020000a20                . = (. + _Min_Stack_Size)
 *fill*         0x0000000020000620      0x400 
                0x0000000020000a20                . = ALIGN (0x8)

/DISCARD/
 libc.a(*)
 libm.a(*)
 libgcc.a(*)

.ARM.attributes
                0x0000000000000000       0x30
 *(.ARM.attributes)
 .ARM.attributes
                0x0000000000000000       0x1e /opt/st/stm32cubeide_1.11.0/plugins/com.st.stm32cube.ide.mcu.externaltools.gnu-tools-for-stm32.10.3-2021.10.linux64_1.0.100.202210260954/tools/bin/../lib/gcc/arm-none-eabi/10.3.1/thumb/v7e-m+fp/hard/crti.o
 .ARM.attributes
                0x000000000000001e       0x34 /opt/st/stm32cubeide_1.11.0/plugins/com.st.stm32cube.ide.mcu.externaltools.gnu-tools-for-stm32.10.3-2021.10.linux64_1.0.100.202210260954/tools/bin/../lib/gcc/arm-none-eabi/10.3.1/thumb/v7e-m+fp/hard/crtbegin.o
 .ARM.attributes
                0x0000000000000052       0x34 ./Core/Src/gpio.o
 .ARM.attributes
                0x0000000000000086       0x34 ./Core/Src/i2c.o
 .ARM.attributes
                0x00000000000000ba       0x34 ./Core/Src/main.o
 .ARM.attributes
                0x00000000000000ee       0x34 ./Core/Src/spi.o
 .ARM.attributes
                0x0000000000000122       0x34 ./Core/Src/stm32f3xx_hal_msp.o
 .ARM.attributes
                0x0000000000000156       0x34 ./Core/Src/stm32f3xx_it.o
 .ARM.attributes
                0x000000000000018a       0x34 ./Core/Src/system_stm32f3xx.o
 .ARM.attributes
                0x00000000000001be       0x34 ./Core/Src/usb.o
 .ARM.attributes
                0x00000000000001f2       0x21 ./Core/Startup/startup_stm32f303vctx.o
 .ARM.attributes
                0x0000000000000213       0x34 ./Drivers/STM32F3xx_HAL_Driver/Src/stm32f3xx_hal.o
 .ARM.attributes
                0x0000000000000247       0x34 ./Drivers/STM32F3xx_HAL_Driver/Src/stm32f3xx_hal_cortex.o
 .ARM.attributes
                0x000000000000027b       0x34 ./Drivers/STM32F3xx_HAL_Driver/Src/stm32f3xx_hal_gpio.o
 .ARM.attributes
                0x00000000000002af       0x34 ./Drivers/STM32F3xx_HAL_Driver/Src/stm32f3xx_hal_i2c.o
 .ARM.attributes
                0x00000000000002e3       0x34 ./Drivers/STM32F3xx_HAL_Driver/Src/stm32f3xx_hal_i2c_ex.o
 .ARM.attributes
                0x0000000000000317       0x34 ./Drivers/STM32F3xx_HAL_Driver/Src/stm32f3xx_hal_pcd.o
 .ARM.attributes
                0x000000000000034b       0x34 ./Drivers/STM32F3xx_HAL_Driver/Src/stm32f3xx_hal_rcc.o
 .ARM.attributes
                0x000000000000037f       0x34 ./Drivers/STM32F3xx_HAL_Driver/Src/stm32f3xx_hal_rcc_ex.o
 .ARM.attributes
                0x00000000000003b3       0x34 ./Drivers/STM32F3xx_HAL_Driver/Src/stm32f3xx_hal_spi.o
 .ARM.attributes
                0x00000000000003e7       0x34 ./Drivers/STM32F3xx_HAL_Driver/Src/stm32f3xx_ll_usb.o
 .ARM.attributes
                0x000000000000041b       0x34 ./FATFS/App/fatfs.o
 .ARM.attributes
                0x000000000000044f       0x34 ./FATFS/Target/user_diskio.o
 .ARM.attributes
                0x0000000000000483       0x34 ./FATFS/Target/user_diskio_spi.o
 .ARM.attributes
                0x00000000000004b7       0x34 ./Middlewares/Third_Party/FatFs/src/diskio.o
 .ARM.attributes
                0x00000000000004eb       0x34 ./Middlewares/Third_Party/FatFs/src/ff.o
 .ARM.attributes
                0x000000000000051f       0x34 ./Middlewares/Third_Party/FatFs/src/ff_gen_drv.o
 .ARM.attributes
                0x0000000000000553       0x34 /opt/st/stm32cubeide_1.11.0/plugins/com.st.stm32cube.ide.mcu.externaltools.gnu-tools-for-stm32.10.3-2021.10.linux64_1.0.100.202210260954/tools/bin/../lib/gcc/arm-none-eabi/10.3.1/../../../../arm-none-eabi/lib/thumb/v7e-m+fp/hard/libc_nano.a(lib_a-init.o)
 .ARM.attributes
                0x0000000000000587       0x34 /opt/st/stm32cubeide_1.11.0/plugins/com.st.stm32cube.ide.mcu.externaltools.gnu-tools-for-stm32.10.3-2021.10.linux64_1.0.100.202210260954/tools/bin/../lib/gcc/arm-none-eabi/10.3.1/../../../../arm-none-eabi/lib/thumb/v7e-m+fp/hard/libc_nano.a(lib_a-memset.o)
 .ARM.attributes
                0x00000000000005bb       0x1e /opt/st/stm32cubeide_1.11.0/plugins/com.st.stm32cube.ide.mcu.externaltools.gnu-tools-for-stm32.10.3-2021.10.linux64_1.0.100.202210260954/tools/bin/../lib/gcc/arm-none-eabi/10.3.1/thumb/v7e-m+fp/hard/crtn.o
OUTPUT(SdCardReader_test.elf elf32-littlearm)
LOAD linker stubs
LOAD /opt/st/stm32cubeide_1.11.0/plugins/com.st.stm32cube.ide.mcu.externaltools.gnu-tools-for-stm32.10.3-2021.10.linux64_1.0.100.202210260954/tools/bin/../lib/gcc/arm-none-eabi/10.3.1/../../../../arm-none-eabi/lib/thumb/v7e-m+fp/hard/libc.a
LOAD /opt/st/stm32cubeide_1.11.0/plugins/com.st.stm32cube.ide.mcu.externaltools.gnu-tools-for-stm32.10.3-2021.10.linux64_1.0.100.202210260954/tools/bin/../lib/gcc/arm-none-eabi/10.3.1/../../../../arm-none-eabi/lib/thumb/v7e-m+fp/hard/libm.a
LOAD /opt/st/stm32cubeide_1.11.0/plugins/com.st.stm32cube.ide.mcu.externaltools.gnu-tools-for-stm32.10.3-2021.10.linux64_1.0.100.202210260954/tools/bin/../lib/gcc/arm-none-eabi/10.3.1/thumb/v7e-m+fp/hard/libgcc.a

.debug_info     0x0000000000000000    0x11501
 .debug_info    0x0000000000000000      0x3b8 ./Core/Src/gpio.o
 .debug_info    0x00000000000003b8      0x935 ./Core/Src/i2c.o
 .debug_info    0x0000000000000ced      0x8d0 ./Core/Src/main.o
 .debug_info    0x00000000000015bd      0x8f4 ./Core/Src/spi.o
 .debug_info    0x0000000000001eb1      0x1bd ./Core/Src/stm32f3xx_hal_msp.o
 .debug_info    0x000000000000206e      0x122 ./Core/Src/stm32f3xx_it.o
 .debug_info    0x0000000000002190      0x416 ./Core/Src/system_stm32f3xx.o
 .debug_info    0x00000000000025a6      0x8b8 ./Core/Src/usb.o
 .debug_info    0x0000000000002e5e       0x22 ./Core/Startup/startup_stm32f303vctx.o
 .debug_info    0x0000000000002e80      0x807 ./Drivers/STM32F3xx_HAL_Driver/Src/stm32f3xx_hal.o
 .debug_info    0x0000000000003687      0xd85 ./Drivers/STM32F3xx_HAL_Driver/Src/stm32f3xx_hal_cortex.o
 .debug_info    0x000000000000440c      0x68a ./Drivers/STM32F3xx_HAL_Driver/Src/stm32f3xx_hal_gpio.o
 .debug_info    0x0000000000004a96     0x214e ./Drivers/STM32F3xx_HAL_Driver/Src/stm32f3xx_hal_i2c.o
 .debug_info    0x0000000000006be4      0x891 ./Drivers/STM32F3xx_HAL_Driver/Src/stm32f3xx_hal_i2c_ex.o
 .debug_info    0x0000000000007475     0x170c ./Drivers/STM32F3xx_HAL_Driver/Src/stm32f3xx_hal_pcd.o
 .debug_info    0x0000000000008b81     0x1586 ./Drivers/STM32F3xx_HAL_Driver/Src/stm32f3xx_hal_rcc.o
 .debug_info    0x000000000000a107      0x61d ./Drivers/STM32F3xx_HAL_Driver/Src/stm32f3xx_hal_rcc_ex.o
 .debug_info    0x000000000000a724     0x178c ./Drivers/STM32F3xx_HAL_Driver/Src/stm32f3xx_hal_spi.o
 .debug_info    0x000000000000beb0     0x163c ./Drivers/STM32F3xx_HAL_Driver/Src/stm32f3xx_ll_usb.o
 .debug_info    0x000000000000d4ec      0x51e ./FATFS/App/fatfs.o
 .debug_info    0x000000000000da0a      0x3d2 ./FATFS/Target/user_diskio.o
 .debug_info    0x000000000000dddc      0xc9c ./FATFS/Target/user_diskio_spi.o
 .debug_info    0x000000000000ea78      0x40d ./Middlewares/Third_Party/FatFs/src/diskio.o
 .debug_info    0x000000000000ee85     0x22d8 ./Middlewares/Third_Party/FatFs/src/ff.o
 .debug_info    0x000000000001115d      0x3a4 ./Middlewares/Third_Party/FatFs/src/ff_gen_drv.o

.debug_abbrev   0x0000000000000000     0x2f24
 .debug_abbrev  0x0000000000000000      0x146 ./Core/Src/gpio.o
 .debug_abbrev  0x0000000000000146      0x202 ./Core/Src/i2c.o
 .debug_abbrev  0x0000000000000348      0x290 ./Core/Src/main.o
 .debug_abbrev  0x00000000000005d8      0x1e0 ./Core/Src/spi.o
 .debug_abbrev  0x00000000000007b8       0xde ./Core/Src/stm32f3xx_hal_msp.o
 .debug_abbrev  0x0000000000000896       0x74 ./Core/Src/stm32f3xx_it.o
 .debug_abbrev  0x000000000000090a      0x116 ./Core/Src/system_stm32f3xx.o
 .debug_abbrev  0x0000000000000a20      0x1e6 ./Core/Src/usb.o
 .debug_abbrev  0x0000000000000c06       0x12 ./Core/Startup/startup_stm32f303vctx.o
 .debug_abbrev  0x0000000000000c18      0x20e ./Drivers/STM32F3xx_HAL_Driver/Src/stm32f3xx_hal.o
 .debug_abbrev  0x0000000000000e26      0x316 ./Drivers/STM32F3xx_HAL_Driver/Src/stm32f3xx_hal_cortex.o
 .debug_abbrev  0x000000000000113c      0x1bb ./Drivers/STM32F3xx_HAL_Driver/Src/stm32f3xx_hal_gpio.o
 .debug_abbrev  0x00000000000012f7      0x243 ./Drivers/STM32F3xx_HAL_Driver/Src/stm32f3xx_hal_i2c.o
 .debug_abbrev  0x000000000000153a      0x1b0 ./Drivers/STM32F3xx_HAL_Driver/Src/stm32f3xx_hal_i2c_ex.o
 .debug_abbrev  0x00000000000016ea      0x2c0 ./Drivers/STM32F3xx_HAL_Driver/Src/stm32f3xx_hal_pcd.o
 .debug_abbrev  0x00000000000019aa      0x30c ./Drivers/STM32F3xx_HAL_Driver/Src/stm32f3xx_hal_rcc.o
 .debug_abbrev  0x0000000000001cb6      0x239 ./Drivers/STM32F3xx_HAL_Driver/Src/stm32f3xx_hal_rcc_ex.o
 .debug_abbrev  0x0000000000001eef      0x254 ./Drivers/STM32F3xx_HAL_Driver/Src/stm32f3xx_hal_spi.o
 .debug_abbrev  0x0000000000002143      0x22f ./Drivers/STM32F3xx_HAL_Driver/Src/stm32f3xx_ll_usb.o
 .debug_abbrev  0x0000000000002372      0x19a ./FATFS/App/fatfs.o
 .debug_abbrev  0x000000000000250c      0x13f ./FATFS/Target/user_diskio.o
 .debug_abbrev  0x000000000000264b      0x306 ./FATFS/Target/user_diskio_spi.o
 .debug_abbrev  0x0000000000002951      0x178 ./Middlewares/Third_Party/FatFs/src/diskio.o
 .debug_abbrev  0x0000000000002ac9      0x2c5 ./Middlewares/Third_Party/FatFs/src/ff.o
 .debug_abbrev  0x0000000000002d8e      0x196 ./Middlewares/Third_Party/FatFs/src/ff_gen_drv.o

.debug_aranges  0x0000000000000000      0xed0
 .debug_aranges
                0x0000000000000000       0x20 ./Core/Src/gpio.o
 .debug_aranges
                0x0000000000000020       0x30 ./Core/Src/i2c.o
 .debug_aranges
                0x0000000000000050       0x38 ./Core/Src/main.o
 .debug_aranges
                0x0000000000000088       0x30 ./Core/Src/spi.o
 .debug_aranges
                0x00000000000000b8       0x20 ./Core/Src/stm32f3xx_hal_msp.o
 .debug_aranges
                0x00000000000000d8       0x60 ./Core/Src/stm32f3xx_it.o
 .debug_aranges
                0x0000000000000138       0x28 ./Core/Src/system_stm32f3xx.o
 .debug_aranges
                0x0000000000000160       0x30 ./Core/Src/usb.o
 .debug_aranges
                0x0000000000000190       0x28 ./Core/Startup/startup_stm32f303vctx.o
 .debug_aranges
                0x00000000000001b8       0xe0 ./Drivers/STM32F3xx_HAL_Driver/Src/stm32f3xx_hal.o
 .debug_aranges
                0x0000000000000298      0x118 ./Drivers/STM32F3xx_HAL_Driver/Src/stm32f3xx_hal_cortex.o
 .debug_aranges
                0x00000000000003b0       0x58 ./Drivers/STM32F3xx_HAL_Driver/Src/stm32f3xx_hal_gpio.o
 .debug_aranges
                0x0000000000000408      0x290 ./Drivers/STM32F3xx_HAL_Driver/Src/stm32f3xx_hal_i2c.o
 .debug_aranges
                0x0000000000000698       0x48 ./Drivers/STM32F3xx_HAL_Driver/Src/stm32f3xx_hal_i2c_ex.o
 .debug_aranges
                0x00000000000006e0      0x138 ./Drivers/STM32F3xx_HAL_Driver/Src/stm32f3xx_hal_pcd.o
 .debug_aranges
                0x0000000000000818       0x88 ./Drivers/STM32F3xx_HAL_Driver/Src/stm32f3xx_hal_rcc.o
 .debug_aranges
                0x00000000000008a0       0x38 ./Drivers/STM32F3xx_HAL_Driver/Src/stm32f3xx_hal_rcc_ex.o
 .debug_aranges
                0x00000000000008d8      0x1d8 ./Drivers/STM32F3xx_HAL_Driver/Src/stm32f3xx_hal_spi.o
 .debug_aranges
                0x0000000000000ab0       0xb0 ./Drivers/STM32F3xx_HAL_Driver/Src/stm32f3xx_ll_usb.o
 .debug_aranges
                0x0000000000000b60       0x28 ./FATFS/App/fatfs.o
 .debug_aranges
                0x0000000000000b88       0x40 ./FATFS/Target/user_diskio.o
 .debug_aranges
                0x0000000000000bc8       0x98 ./FATFS/Target/user_diskio_spi.o
 .debug_aranges
                0x0000000000000c60       0x48 ./Middlewares/Third_Party/FatFs/src/diskio.o
 .debug_aranges
                0x0000000000000ca8      0x1e8 ./Middlewares/Third_Party/FatFs/src/ff.o
 .debug_aranges
                0x0000000000000e90       0x40 ./Middlewares/Third_Party/FatFs/src/ff_gen_drv.o

.debug_ranges   0x0000000000000000      0xd48
 .debug_ranges  0x0000000000000000       0x10 ./Core/Src/gpio.o
 .debug_ranges  0x0000000000000010       0x20 ./Core/Src/i2c.o
 .debug_ranges  0x0000000000000030       0x28 ./Core/Src/main.o
 .debug_ranges  0x0000000000000058       0x20 ./Core/Src/spi.o
 .debug_ranges  0x0000000000000078       0x10 ./Core/Src/stm32f3xx_hal_msp.o
 .debug_ranges  0x0000000000000088       0x50 ./Core/Src/stm32f3xx_it.o
 .debug_ranges  0x00000000000000d8       0x18 ./Core/Src/system_stm32f3xx.o
 .debug_ranges  0x00000000000000f0       0x20 ./Core/Src/usb.o
 .debug_ranges  0x0000000000000110       0x20 ./Core/Startup/startup_stm32f303vctx.o
 .debug_ranges  0x0000000000000130       0xd0 ./Drivers/STM32F3xx_HAL_Driver/Src/stm32f3xx_hal.o
 .debug_ranges  0x0000000000000200      0x108 ./Drivers/STM32F3xx_HAL_Driver/Src/stm32f3xx_hal_cortex.o
 .debug_ranges  0x0000000000000308       0x48 ./Drivers/STM32F3xx_HAL_Driver/Src/stm32f3xx_hal_gpio.o
 .debug_ranges  0x0000000000000350      0x280 ./Drivers/STM32F3xx_HAL_Driver/Src/stm32f3xx_hal_i2c.o
 .debug_ranges  0x00000000000005d0       0x38 ./Drivers/STM32F3xx_HAL_Driver/Src/stm32f3xx_hal_i2c_ex.o
 .debug_ranges  0x0000000000000608      0x128 ./Drivers/STM32F3xx_HAL_Driver/Src/stm32f3xx_hal_pcd.o
 .debug_ranges  0x0000000000000730       0x78 ./Drivers/STM32F3xx_HAL_Driver/Src/stm32f3xx_hal_rcc.o
 .debug_ranges  0x00000000000007a8       0x28 ./Drivers/STM32F3xx_HAL_Driver/Src/stm32f3xx_hal_rcc_ex.o
 .debug_ranges  0x00000000000007d0      0x1c8 ./Drivers/STM32F3xx_HAL_Driver/Src/stm32f3xx_hal_spi.o
 .debug_ranges  0x0000000000000998       0xa0 ./Drivers/STM32F3xx_HAL_Driver/Src/stm32f3xx_ll_usb.o
 .debug_ranges  0x0000000000000a38       0x18 ./FATFS/App/fatfs.o
 .debug_ranges  0x0000000000000a50       0x30 ./FATFS/Target/user_diskio.o
 .debug_ranges  0x0000000000000a80       0x88 ./FATFS/Target/user_diskio_spi.o
 .debug_ranges  0x0000000000000b08       0x38 ./Middlewares/Third_Party/FatFs/src/diskio.o
 .debug_ranges  0x0000000000000b40      0x1d8 ./Middlewares/Third_Party/FatFs/src/ff.o
 .debug_ranges  0x0000000000000d18       0x30 ./Middlewares/Third_Party/FatFs/src/ff_gen_drv.o

.debug_macro    0x0000000000000000    0x1f744
 .debug_macro   0x0000000000000000      0x201 ./Core/Src/gpio.o
 .debug_macro   0x0000000000000201      0xa78 ./Core/Src/gpio.o
 .debug_macro   0x0000000000000c79      0x157 ./Core/Src/gpio.o
 .debug_macro   0x0000000000000dd0       0x2e ./Core/Src/gpio.o
 .debug_macro   0x0000000000000dfe       0x28 ./Core/Src/gpio.o
 .debug_macro   0x0000000000000e26       0x22 ./Core/Src/gpio.o
 .debug_macro   0x0000000000000e48       0x8e ./Core/Src/gpio.o
 .debug_macro   0x0000000000000ed6       0x51 ./Core/Src/gpio.o
 .debug_macro   0x0000000000000f27      0x103 ./Core/Src/gpio.o
 .debug_macro   0x000000000000102a       0x6a ./Core/Src/gpio.o
 .debug_macro   0x0000000000001094      0x1df ./Core/Src/gpio.o
 .debug_macro   0x0000000000001273       0x1c ./Core/Src/gpio.o
 .debug_macro   0x000000000000128f       0x22 ./Core/Src/gpio.o
 .debug_macro   0x00000000000012b1       0xd9 ./Core/Src/gpio.o
 .debug_macro   0x000000000000138a     0x102d ./Core/Src/gpio.o
 .debug_macro   0x00000000000023b7      0x11f ./Core/Src/gpio.o
 .debug_macro   0x00000000000024d6    0x12a3a ./Core/Src/gpio.o
 .debug_macro   0x0000000000014f10       0x6d ./Core/Src/gpio.o
 .debug_macro   0x0000000000014f7d     0x3540 ./Core/Src/gpio.o
 .debug_macro   0x00000000000184bd      0x174 ./Core/Src/gpio.o
 .debug_macro   0x0000000000018631       0x55 ./Core/Src/gpio.o
 .debug_macro   0x0000000000018686      0x962 ./Core/Src/gpio.o
 .debug_macro   0x0000000000018fe8      0x5fe ./Core/Src/gpio.o
 .debug_macro   0x00000000000195e6      0x1b6 ./Core/Src/gpio.o
 .debug_macro   0x000000000001979c      0x1fb ./Core/Src/gpio.o
 .debug_macro   0x0000000000019997      0x1dc ./Core/Src/gpio.o
 .debug_macro   0x0000000000019b73      0x1bc ./Core/Src/gpio.o
 .debug_macro   0x0000000000019d2f       0x30 ./Core/Src/gpio.o
 .debug_macro   0x0000000000019d5f       0x3c ./Core/Src/gpio.o
 .debug_macro   0x0000000000019d9b      0x236 ./Core/Src/gpio.o
 .debug_macro   0x0000000000019fd1       0xc5 ./Core/Src/gpio.o
 .debug_macro   0x000000000001a096      0x21d ./Core/Src/gpio.o
 .debug_macro   0x000000000001a2b3      0x22c ./Core/Src/gpio.o
 .debug_macro   0x000000000001a4df       0x5b ./Core/Src/gpio.o
 .debug_macro   0x000000000001a53a       0xa5 ./Core/Src/gpio.o
 .debug_macro   0x000000000001a5df       0x65 ./Core/Src/gpio.o
 .debug_macro   0x000000000001a644      0x249 ./Core/Src/gpio.o
 .debug_macro   0x000000000001a88d       0x81 ./Core/Src/gpio.o
 .debug_macro   0x000000000001a90e       0xd3 ./Core/Src/gpio.o
 .debug_macro   0x000000000001a9e1      0x2fe ./Core/Src/gpio.o
 .debug_macro   0x000000000001acdf      0x275 ./Core/Src/gpio.o
 .debug_macro   0x000000000001af54      0x16c ./Core/Src/gpio.o
 .debug_macro   0x000000000001b0c0      0x201 ./Core/Src/i2c.o
 .debug_macro   0x000000000001b2c1      0x408 ./Core/Src/main.o
 .debug_macro   0x000000000001b6c9       0xde ./Core/Src/main.o
 .debug_macro   0x000000000001b7a7       0xf5 ./Core/Src/main.o
 .debug_macro   0x000000000001b89c       0x8e ./Core/Src/main.o
 .debug_macro   0x000000000001b92a       0x52 ./Core/Src/main.o
 .debug_macro   0x000000000001b97c       0x1e ./Core/Src/main.o
 .debug_macro   0x000000000001b99a       0x3c ./Core/Src/main.o
 .debug_macro   0x000000000001b9d6       0x34 ./Core/Src/main.o
 .debug_macro   0x000000000001ba0a       0x16 ./Core/Src/main.o
 .debug_macro   0x000000000001ba20       0x35 ./Core/Src/main.o
 .debug_macro   0x000000000001ba55      0x341 ./Core/Src/main.o
 .debug_macro   0x000000000001bd96       0x10 ./Core/Src/main.o
 .debug_macro   0x000000000001bda6       0x16 ./Core/Src/main.o
 .debug_macro   0x000000000001bdbc       0x43 ./Core/Src/main.o
 .debug_macro   0x000000000001bdff       0x34 ./Core/Src/main.o
 .debug_macro   0x000000000001be33       0x10 ./Core/Src/main.o
 .debug_macro   0x000000000001be43       0x58 ./Core/Src/main.o
 .debug_macro   0x000000000001be9b       0x71 ./Core/Src/main.o
 .debug_macro   0x000000000001bf0c       0x1c ./Core/Src/main.o
 .debug_macro   0x000000000001bf28      0x12a ./Core/Src/main.o
 .debug_macro   0x000000000001c052       0x10 ./Core/Src/main.o
 .debug_macro   0x000000000001c062       0x1c ./Core/Src/main.o
 .debug_macro   0x000000000001c07e       0x52 ./Core/Src/main.o
 .debug_macro   0x000000000001c0d0       0x22 ./Core/Src/main.o
 .debug_macro   0x000000000001c0f2       0x10 ./Core/Src/main.o
 .debug_macro   0x000000000001c102       0x52 ./Core/Src/main.o
 .debug_macro   0x000000000001c154       0xd5 ./Core/Src/main.o
 .debug_macro   0x000000000001c229       0x1c ./Core/Src/main.o
 .debug_macro   0x000000000001c245       0x3d ./Core/Src/main.o
 .debug_macro   0x000000000001c282       0x16 ./Core/Src/main.o
 .debug_macro   0x000000000001c298      0x145 ./Core/Src/main.o
 .debug_macro   0x000000000001c3dd       0x16 ./Core/Src/main.o
 .debug_macro   0x000000000001c3f3       0x20 ./Core/Src/main.o
 .debug_macro   0x000000000001c413       0x4c ./Core/Src/main.o
 .debug_macro   0x000000000001c45f      0x201 ./Core/Src/spi.o
 .debug_macro   0x000000000001c660      0x1f7 ./Core/Src/stm32f3xx_hal_msp.o
 .debug_macro   0x000000000001c857      0x201 ./Core/Src/stm32f3xx_it.o
 .debug_macro   0x000000000001ca58      0x1e8 ./Core/Src/system_stm32f3xx.o
 .debug_macro   0x000000000001cc40      0x201 ./Core/Src/usb.o
 .debug_macro   0x000000000001ce41      0x20c ./Drivers/STM32F3xx_HAL_Driver/Src/stm32f3xx_hal.o
 .debug_macro   0x000000000001d04d      0x1e8 ./Drivers/STM32F3xx_HAL_Driver/Src/stm32f3xx_hal_cortex.o
 .debug_macro   0x000000000001d235      0x1ef ./Drivers/STM32F3xx_HAL_Driver/Src/stm32f3xx_hal_gpio.o
 .debug_macro   0x000000000001d424      0x2ad ./Drivers/STM32F3xx_HAL_Driver/Src/stm32f3xx_hal_i2c.o
 .debug_macro   0x000000000001d6d1      0x1e8 ./Drivers/STM32F3xx_HAL_Driver/Src/stm32f3xx_hal_i2c_ex.o
 .debug_macro   0x000000000001d8b9      0x1f4 ./Drivers/STM32F3xx_HAL_Driver/Src/stm32f3xx_hal_pcd.o
 .debug_macro   0x000000000001daad      0x20c ./Drivers/STM32F3xx_HAL_Driver/Src/stm32f3xx_hal_rcc.o
 .debug_macro   0x000000000001dcb9      0x1e8 ./Drivers/STM32F3xx_HAL_Driver/Src/stm32f3xx_hal_rcc_ex.o
 .debug_macro   0x000000000001dea1      0x1f0 ./Drivers/STM32F3xx_HAL_Driver/Src/stm32f3xx_hal_spi.o
 .debug_macro   0x000000000001e091      0x1e8 ./Drivers/STM32F3xx_HAL_Driver/Src/stm32f3xx_ll_usb.o
 .debug_macro   0x000000000001e279      0x24a ./FATFS/App/fatfs.o
 .debug_macro   0x000000000001e4c3       0xd8 ./FATFS/App/fatfs.o
 .debug_macro   0x000000000001e59b      0x311 ./FATFS/Target/user_diskio.o
 .debug_macro   0x000000000001e8ac       0x10 ./FATFS/Target/user_diskio.o
 .debug_macro   0x000000000001e8bc       0x16 ./FATFS/Target/user_diskio.o
 .debug_macro   0x000000000001e8d2       0x7c ./FATFS/Target/user_diskio.o
 .debug_macro   0x000000000001e94e       0x4f ./FATFS/Target/user_diskio.o
 .debug_macro   0x000000000001e99d      0x2f1 ./FATFS/Target/user_diskio_spi.o
 .debug_macro   0x000000000001ec8e      0x172 ./FATFS/Target/user_diskio_spi.o
 .debug_macro   0x000000000001ee00      0x237 ./Middlewares/Third_Party/FatFs/src/diskio.o
 .debug_macro   0x000000000001f037      0x47e ./Middlewares/Third_Party/FatFs/src/ff.o
 .debug_macro   0x000000000001f4b5       0x58 ./Middlewares/Third_Party/FatFs/src/ff.o
 .debug_macro   0x000000000001f50d      0x237 ./Middlewares/Third_Party/FatFs/src/ff_gen_drv.o

.debug_line     0x0000000000000000    0x15a79
 .debug_line    0x0000000000000000      0x731 ./Core/Src/gpio.o
 .debug_line    0x0000000000000731      0x75b ./Core/Src/i2c.o
 .debug_line    0x0000000000000e8c      0xaab ./Core/Src/main.o
 .debug_line    0x0000000000001937      0x769 ./Core/Src/spi.o
 .debug_line    0x00000000000020a0      0x6df ./Core/Src/stm32f3xx_hal_msp.o
 .debug_line    0x000000000000277f      0x7a1 ./Core/Src/stm32f3xx_it.o
 .debug_line    0x0000000000002f20      0x755 ./Core/Src/system_stm32f3xx.o
 .debug_line    0x0000000000003675      0x73e ./Core/Src/usb.o
 .debug_line    0x0000000000003db3       0x88 ./Core/Startup/startup_stm32f303vctx.o
 .debug_line    0x0000000000003e3b      0x98a ./Drivers/STM32F3xx_HAL_Driver/Src/stm32f3xx_hal.o
 .debug_line    0x00000000000047c5      0xc4f ./Drivers/STM32F3xx_HAL_Driver/Src/stm32f3xx_hal_cortex.o
 .debug_line    0x0000000000005414      0xaeb ./Drivers/STM32F3xx_HAL_Driver/Src/stm32f3xx_hal_gpio.o
 .debug_line    0x0000000000005eff     0x3299 ./Drivers/STM32F3xx_HAL_Driver/Src/stm32f3xx_hal_i2c.o
 .debug_line    0x0000000000009198      0x8fc ./Drivers/STM32F3xx_HAL_Driver/Src/stm32f3xx_hal_i2c_ex.o
 .debug_line    0x0000000000009a94     0x12bb ./Drivers/STM32F3xx_HAL_Driver/Src/stm32f3xx_hal_pcd.o
 .debug_line    0x000000000000ad4f     0x1367 ./Drivers/STM32F3xx_HAL_Driver/Src/stm32f3xx_hal_rcc.o
 .debug_line    0x000000000000c0b6      0xcf4 ./Drivers/STM32F3xx_HAL_Driver/Src/stm32f3xx_hal_rcc_ex.o
 .debug_line    0x000000000000cdaa     0x1f47 ./Drivers/STM32F3xx_HAL_Driver/Src/stm32f3xx_hal_spi.o
 .debug_line    0x000000000000ecf1      0xf3e ./Drivers/STM32F3xx_HAL_Driver/Src/stm32f3xx_ll_usb.o
 .debug_line    0x000000000000fc2f      0x77a ./FATFS/App/fatfs.o
 .debug_line    0x00000000000103a9      0x909 ./FATFS/Target/user_diskio.o
 .debug_line    0x0000000000010cb2      0xe4d ./FATFS/Target/user_diskio_spi.o
 .debug_line    0x0000000000011aff      0x7ea ./Middlewares/Third_Party/FatFs/src/diskio.o
 .debug_line    0x00000000000122e9     0x2f89 ./Middlewares/Third_Party/FatFs/src/ff.o
 .debug_line    0x0000000000015272      0x807 ./Middlewares/Third_Party/FatFs/src/ff_gen_drv.o

.debug_str      0x0000000000000000    0xb097f
 .debug_str     0x0000000000000000    0xa77d9 ./Core/Src/gpio.o
                                      0xa7e86 (size before relaxing)
 .debug_str     0x00000000000a77d9      0x495 ./Core/Src/i2c.o
                                      0xa8385 (size before relaxing)
 .debug_str     0x00000000000a7c6e     0x4ba6 ./Core/Src/main.o
                                      0xac994 (size before relaxing)
 .debug_str     0x00000000000ac814      0x210 ./Core/Src/spi.o
                                      0xa82a6 (size before relaxing)
 .debug_str     0x00000000000aca24       0x49 ./Core/Src/stm32f3xx_hal_msp.o
                                      0xa7dc6 (size before relaxing)
 .debug_str     0x00000000000aca6d       0xc9 ./Core/Src/stm32f3xx_it.o
                                      0xa7dd8 (size before relaxing)
 .debug_str     0x00000000000acb36       0xe9 ./Core/Src/system_stm32f3xx.o
                                      0xa7919 (size before relaxing)
 .debug_str     0x00000000000acc1f      0x348 ./Core/Src/usb.o
                                      0xa8240 (size before relaxing)
 .debug_str     0x00000000000acf67       0x36 ./Core/Startup/startup_stm32f303vctx.o
                                         0x95 (size before relaxing)
 .debug_str     0x00000000000acf9d      0x6b3 ./Drivers/STM32F3xx_HAL_Driver/Src/stm32f3xx_hal.o
                                      0xa8157 (size before relaxing)
 .debug_str     0x00000000000ad650      0x34e ./Drivers/STM32F3xx_HAL_Driver/Src/stm32f3xx_hal_cortex.o
                                      0xa81a9 (size before relaxing)
 .debug_str     0x00000000000ad99e      0x130 ./Drivers/STM32F3xx_HAL_Driver/Src/stm32f3xx_hal_gpio.o
                                      0xa7a86 (size before relaxing)
 .debug_str     0x00000000000adace      0xde1 ./Drivers/STM32F3xx_HAL_Driver/Src/stm32f3xx_hal_i2c.o
                                      0xa8b82 (size before relaxing)
 .debug_str     0x00000000000ae8af       0xb8 ./Drivers/STM32F3xx_HAL_Driver/Src/stm32f3xx_hal_i2c_ex.o
                                      0xa7e24 (size before relaxing)
 .debug_str     0x00000000000ae967      0x4dd ./Drivers/STM32F3xx_HAL_Driver/Src/stm32f3xx_hal_pcd.o
                                      0xa811b (size before relaxing)
 .debug_str     0x00000000000aee44      0x2c6 ./Drivers/STM32F3xx_HAL_Driver/Src/stm32f3xx_hal_rcc.o
                                      0xa7db9 (size before relaxing)
 .debug_str     0x00000000000af10a       0xbe ./Drivers/STM32F3xx_HAL_Driver/Src/stm32f3xx_hal_rcc_ex.o
                                      0xa7b7d (size before relaxing)
 .debug_str     0x00000000000af1c8      0x580 ./Drivers/STM32F3xx_HAL_Driver/Src/stm32f3xx_hal_spi.o
                                      0xa823f (size before relaxing)
 .debug_str     0x00000000000af748       0xd8 ./Drivers/STM32F3xx_HAL_Driver/Src/stm32f3xx_ll_usb.o
                                      0xa7c7f (size before relaxing)
 .debug_str     0x00000000000af820       0xf1 ./FATFS/App/fatfs.o
                                      0xa867a (size before relaxing)
 .debug_str     0x00000000000af911       0xcf ./FATFS/Target/user_diskio.o
                                      0xab42e (size before relaxing)
 .debug_str     0x00000000000af9e0      0x3bb ./FATFS/Target/user_diskio_spi.o
                                      0xa8def (size before relaxing)
 .debug_str     0x00000000000afd9b       0x52 ./Middlewares/Third_Party/FatFs/src/diskio.o
                                      0xa85a6 (size before relaxing)
 .debug_str     0x00000000000afded      0xb01 ./Middlewares/Third_Party/FatFs/src/ff.o
                                      0xa93d1 (size before relaxing)
 .debug_str     0x00000000000b08ee       0x91 ./Middlewares/Third_Party/FatFs/src/ff_gen_drv.o
                                      0xa85f7 (size before relaxing)

.comment        0x0000000000000000       0x50
 .comment       0x0000000000000000       0x50 ./Core/Src/gpio.o
                                         0x51 (size before relaxing)
 .comment       0x0000000000000050       0x51 ./Core/Src/i2c.o
 .comment       0x0000000000000050       0x51 ./Core/Src/main.o
 .comment       0x0000000000000050       0x51 ./Core/Src/spi.o
 .comment       0x0000000000000050       0x51 ./Core/Src/stm32f3xx_hal_msp.o
 .comment       0x0000000000000050       0x51 ./Core/Src/stm32f3xx_it.o
 .comment       0x0000000000000050       0x51 ./Core/Src/system_stm32f3xx.o
 .comment       0x0000000000000050       0x51 ./Core/Src/usb.o
 .comment       0x0000000000000050       0x51 ./Drivers/STM32F3xx_HAL_Driver/Src/stm32f3xx_hal.o
 .comment       0x0000000000000050       0x51 ./Drivers/STM32F3xx_HAL_Driver/Src/stm32f3xx_hal_cortex.o
 .comment       0x0000000000000050       0x51 ./Drivers/STM32F3xx_HAL_Driver/Src/stm32f3xx_hal_gpio.o
 .comment       0x0000000000000050       0x51 ./Drivers/STM32F3xx_HAL_Driver/Src/stm32f3xx_hal_i2c.o
 .comment       0x0000000000000050       0x51 ./Drivers/STM32F3xx_HAL_Driver/Src/stm32f3xx_hal_i2c_ex.o
 .comment       0x0000000000000050       0x51 ./Drivers/STM32F3xx_HAL_Driver/Src/stm32f3xx_hal_pcd.o
 .comment       0x0000000000000050       0x51 ./Drivers/STM32F3xx_HAL_Driver/Src/stm32f3xx_hal_rcc.o
 .comment       0x0000000000000050       0x51 ./Drivers/STM32F3xx_HAL_Driver/Src/stm32f3xx_hal_rcc_ex.o
 .comment       0x0000000000000050       0x51 ./Drivers/STM32F3xx_HAL_Driver/Src/stm32f3xx_hal_spi.o
 .comment       0x0000000000000050       0x51 ./Drivers/STM32F3xx_HAL_Driver/Src/stm32f3xx_ll_usb.o
 .comment       0x0000000000000050       0x51 ./FATFS/App/fatfs.o
 .comment       0x0000000000000050       0x51 ./FATFS/Target/user_diskio.o
 .comment       0x0000000000000050       0x51 ./FATFS/Target/user_diskio_spi.o
 .comment       0x0000000000000050       0x51 ./Middlewares/Third_Party/FatFs/src/diskio.o
 .comment       0x0000000000000050       0x51 ./Middlewares/Third_Party/FatFs/src/ff.o
 .comment       0x0000000000000050       0x51 ./Middlewares/Third_Party/FatFs/src/ff_gen_drv.o

.debug_frame    0x0000000000000000     0x3b9c
 .debug_frame   0x0000000000000000       0x34 ./Core/Src/gpio.o
 .debug_frame   0x0000000000000034       0x74 ./Core/Src/i2c.o
 .debug_frame   0x00000000000000a8       0xa4 ./Core/Src/main.o
 .debug_frame   0x000000000000014c       0x74 ./Core/Src/spi.o
 .debug_frame   0x00000000000001c0       0x34 ./Core/Src/stm32f3xx_hal_msp.o
 .debug_frame   0x00000000000001f4      0x104 ./Core/Src/stm32f3xx_it.o
 .debug_frame   0x00000000000002f8       0x58 ./Core/Src/system_stm32f3xx.o
 .debug_frame   0x0000000000000350       0x74 ./Core/Src/usb.o
 .debug_frame   0x00000000000003c4      0x334 ./Drivers/STM32F3xx_HAL_Driver/Src/stm32f3xx_hal.o
 .debug_frame   0x00000000000006f8      0x498 ./Drivers/STM32F3xx_HAL_Driver/Src/stm32f3xx_hal_cortex.o
 .debug_frame   0x0000000000000b90      0x14c ./Drivers/STM32F3xx_HAL_Driver/Src/stm32f3xx_hal_gpio.o
 .debug_frame   0x0000000000000cdc      0xbe8 ./Drivers/STM32F3xx_HAL_Driver/Src/stm32f3xx_hal_i2c.o
 .debug_frame   0x00000000000018c4      0x100 ./Drivers/STM32F3xx_HAL_Driver/Src/stm32f3xx_hal_i2c_ex.o
 .debug_frame   0x00000000000019c4      0x578 ./Drivers/STM32F3xx_HAL_Driver/Src/stm32f3xx_hal_pcd.o
 .debug_frame   0x0000000000001f3c      0x214 ./Drivers/STM32F3xx_HAL_Driver/Src/stm32f3xx_hal_rcc.o
 .debug_frame   0x0000000000002150       0xb4 ./Drivers/STM32F3xx_HAL_Driver/Src/stm32f3xx_hal_rcc_ex.o
 .debug_frame   0x0000000000002204      0x860 ./Drivers/STM32F3xx_HAL_Driver/Src/stm32f3xx_hal_spi.o
 .debug_frame   0x0000000000002a64      0x310 ./Drivers/STM32F3xx_HAL_Driver/Src/stm32f3xx_ll_usb.o
 .debug_frame   0x0000000000002d74       0x4c ./FATFS/App/fatfs.o
 .debug_frame   0x0000000000002dc0       0xc4 ./FATFS/Target/user_diskio.o
 .debug_frame   0x0000000000002e84      0x248 ./FATFS/Target/user_diskio_spi.o
 .debug_frame   0x00000000000030cc       0xec ./Middlewares/Third_Party/FatFs/src/diskio.o
 .debug_frame   0x00000000000031b8      0x8d0 ./Middlewares/Third_Party/FatFs/src/ff.o
 .debug_frame   0x0000000000003a88       0xc8 ./Middlewares/Third_Party/FatFs/src/ff_gen_drv.o
 .debug_frame   0x0000000000003b50       0x2c /opt/st/stm32cubeide_1.11.0/plugins/com.st.stm32cube.ide.mcu.externaltools.gnu-tools-for-stm32.10.3-2021.10.linux64_1.0.100.202210260954/tools/bin/../lib/gcc/arm-none-eabi/10.3.1/../../../../arm-none-eabi/lib/thumb/v7e-m+fp/hard/libc_nano.a(lib_a-init.o)
 .debug_frame   0x0000000000003b7c       0x20 /opt/st/stm32cubeide_1.11.0/plugins/com.st.stm32cube.ide.mcu.externaltools.gnu-tools-for-stm32.10.3-2021.10.linux64_1.0.100.202210260954/tools/bin/../lib/gcc/arm-none-eabi/10.3.1/../../../../arm-none-eabi/lib/thumb/v7e-m+fp/hard/libc_nano.a(lib_a-memset.o)
